#
# There is insufficient memory for the Java Runtime Environment to continue.
# Native memory allocation (malloc) failed to allocate 2097152 bytes. Error detail: AllocateHeap
# Possible reasons:
#   The system is out of physical RAM or swap space
#   This process is running with CompressedOops enabled, and the Java Heap may be blocking the growth of the native heap
# Possible solutions:
#   Reduce memory load on the system
#   Increase physical memory or swap space
#   Check if swap backing store is full
#   Decrease Java heap size (-Xmx/-Xms)
#   Decrease number of Java threads
#   Decrease Java thread stack sizes (-Xss)
#   Set larger code cache with -XX:ReservedCodeCacheSize=
#   JVM is running with Unscaled Compressed Oops mode in which the Java heap is
#     placed in the first 4GB address space. The Java Heap base address is the
#     maximum limit for the native heap growth. Please use -XX:HeapBaseMinAddress
#     to set the Java Heap base and to place the Java Heap above 4GB virtual address.
# This output file may be truncated or incomplete.
#
#  Out of Memory Error (allocation.cpp:44), pid=7528, tid=18736
#
# JRE version: OpenJDK Runtime Environment Temurin-17.0.12+7 (17.0.12+7) (build 17.0.12+7)
# Java VM: OpenJDK 64-Bit Server VM Temurin-17.0.12+7 (17.0.12+7, mixed mode, emulated-client, tiered, compressed oops, compressed class ptrs, g1 gc, windows-amd64)
# No core dump will be written. Minidumps are not enabled by default on client versions of Windows
#

---------------  S U M M A R Y ------------

Command Line: -Xmx1024m -Dsts.lsp.client=vscode -Dsts.log.file=/dev/null -XX:TieredStopAtLevel=1 -Xlog:jni+resolve=off c:\Users\admin\.vscode\extensions\vmware.vscode-spring-boot-1.57.0\language-server\spring-boot-language-server-1.57.0-SNAPSHOT-exec.jar

Host: 11th Gen Intel(R) Core(TM) i5-1135G7 @ 2.40GHz, 8 cores, 7G,  Windows 11 , 64 bit Build 22621 (10.0.22621.3958)
Time: Mon Sep 23 23:34:07 2024 SE Asia Standard Time elapsed time: 9589.796368 seconds (0d 2h 39m 49s)

---------------  T H R E A D  ---------------

Current thread (0x00000191c465ad60):  VMThread "VM Thread" [stack: 0x00000017f7500000,0x00000017f7600000] [id=18736]

Stack: [0x00000017f7500000,0x00000017f7600000]
Native frames: (J=compiled Java code, j=interpreted, Vv=VM code, C=native code)
V  [jvm.dll+0x67f929]
V  [jvm.dll+0x8371ba]
V  [jvm.dll+0x838c7e]
V  [jvm.dll+0x8392e3]
V  [jvm.dll+0x24834f]
V  [jvm.dll+0xa70d3]
V  [jvm.dll+0x2f9101]
V  [jvm.dll+0x2f4d00]
V  [jvm.dll+0x2dd82f]
V  [jvm.dll+0x3201f7]
V  [jvm.dll+0x83d7dd]
V  [jvm.dll+0x83e522]
V  [jvm.dll+0x83ea4f]
V  [jvm.dll+0x83ee34]
V  [jvm.dll+0x83ef00]
V  [jvm.dll+0x7e65dc]
V  [jvm.dll+0x67e7f7]
C  [ucrtbase.dll+0x29333]
C  [KERNEL32.DLL+0x1257d]
C  [ntdll.dll+0x5af28]

VM_Operation (0x00000017f94feaf0): G1CollectFull, mode: safepoint, requested by thread 0x00000191ca12cd90


---------------  P R O C E S S  ---------------

Threads class SMR info:
_java_thread_list=0x00000191c4840880, length=28, elements={
0x00000191c4673380, 0x00000191c4673f40, 0x00000191c47b95c0, 0x00000191c47ba090,
0x00000191c47bc970, 0x00000191c47bf250, 0x00000191c47e34d0, 0x00000191c47e4b90,
0x00000191c48f7120, 0x00000191c48f81f0, 0x00000191ca12c880, 0x00000191ca12cd90,
0x00000191ca12d2a0, 0x00000191ca130030, 0x00000191ca12e6e0, 0x00000191ca12d7b0,
0x00000191ca12fb20, 0x00000191ca6c9020, 0x00000191ca6ca970, 0x00000191ca6c76d0,
0x00000191ca6cae80, 0x00000191ca6cb8a0, 0x00000191ca6cbdb0, 0x00000191ca6cb390,
0x00000191ca6c9f50, 0x00000191ca6c9530, 0x00000191ca6c71c0, 0x00000191ca6c8600
}

Java Threads: ( => current thread )
  0x00000191c4673380 JavaThread "Reference Handler" daemon [_thread_blocked, id=4684, stack(0x00000017f7600000,0x00000017f7700000)]
  0x00000191c4673f40 JavaThread "Finalizer" daemon [_thread_blocked, id=13756, stack(0x00000017f7700000,0x00000017f7800000)]
  0x00000191c47b95c0 JavaThread "Signal Dispatcher" daemon [_thread_blocked, id=14956, stack(0x00000017f7800000,0x00000017f7900000)]
  0x00000191c47ba090 JavaThread "Attach Listener" daemon [_thread_blocked, id=9692, stack(0x00000017f7900000,0x00000017f7a00000)]
  0x00000191c47bc970 JavaThread "Service Thread" daemon [_thread_blocked, id=14004, stack(0x00000017f7a00000,0x00000017f7b00000)]
  0x00000191c47bf250 JavaThread "Monitor Deflation Thread" daemon [_thread_blocked, id=8844, stack(0x00000017f7b00000,0x00000017f7c00000)]
  0x00000191c47e34d0 JavaThread "C1 CompilerThread0" daemon [_thread_blocked, id=19352, stack(0x00000017f7c00000,0x00000017f7d00000)]
  0x00000191c47e4b90 JavaThread "Sweeper thread" daemon [_thread_blocked, id=2740, stack(0x00000017f7d00000,0x00000017f7e00000)]
  0x00000191c48f7120 JavaThread "Notification Thread" daemon [_thread_blocked, id=4596, stack(0x00000017f7e00000,0x00000017f7f00000)]
  0x00000191c48f81f0 JavaThread "Common-Cleaner" daemon [_thread_blocked, id=3776, stack(0x00000017f8000000,0x00000017f8100000)]
  0x00000191ca12c880 JavaThread "boundedElastic-evictor-1" daemon [_thread_blocked, id=9784, stack(0x00000017f9300000,0x00000017f9400000)]
  0x00000191ca12cd90 JavaThread "pool-13-thread-1" [_thread_blocked, id=19284, stack(0x00000017f9400000,0x00000017f9500000)]
  0x00000191ca12d2a0 JavaThread "LanguageServerApp-lifecycle" [_thread_blocked, id=9712, stack(0x00000017f9500000,0x00000017f9600000)]
  0x00000191ca130030 JavaThread "DestroyJavaVM" [_thread_blocked, id=18364, stack(0x00000017f6f00000,0x00000017f7000000)]
  0x00000191ca12e6e0 JavaThread "pool-14-thread-1" [_thread_in_native, id=18332, stack(0x00000017f9600000,0x00000017f9700000)]
  0x00000191ca12d7b0 JavaThread "Simple-Language-Server main thread" daemon [_thread_blocked, id=14016, stack(0x00000017f9700000,0x00000017f9800000)]
  0x00000191ca12fb20 JavaThread "parallel-1" daemon [_thread_blocked, id=7216, stack(0x00000017f9c00000,0x00000017f9d00000)]
  0x00000191ca6c9020 JavaThread "pool-6-thread-1" [_thread_blocked, id=14880, stack(0x00000017f9d00000,0x00000017f9e00000)]
  0x00000191ca6ca970 JavaThread "parallel-2" daemon [_thread_blocked, id=1088, stack(0x00000017f9e00000,0x00000017f9f00000)]
  0x00000191ca6c76d0 JavaThread "parallel-3" daemon [_thread_blocked, id=9580, stack(0x00000017f6c00000,0x00000017f6d00000)]
  0x00000191ca6cae80 JavaThread "Reconciler-1" daemon [_thread_blocked, id=12268, stack(0x00000017f8600000,0x00000017f8700000)]
  0x00000191ca6cb8a0 JavaThread "parallel-4" daemon [_thread_blocked, id=2184, stack(0x00000017f6e00000,0x00000017f6f00000)]
  0x00000191ca6cbdb0 JavaThread "parallel-5" daemon [_thread_blocked, id=13456, stack(0x00000017f6d00000,0x00000017f6e00000)]
  0x00000191ca6cb390 JavaThread "CompletableFutureDelayScheduler" daemon [_thread_blocked, id=12012, stack(0x00000017f8100000,0x00000017f8200000)]
  0x00000191ca6c9f50 JavaThread "pool-8-thread-1" [_thread_blocked, id=3288, stack(0x00000017f8500000,0x00000017f8600000)]
  0x00000191ca6c9530 JavaThread "parallel-6" daemon [_thread_blocked, id=14288, stack(0x00000017f8b00000,0x00000017f8c00000)]
  0x00000191ca6c71c0 JavaThread "parallel-7" daemon [_thread_blocked, id=10540, stack(0x00000017f9f00000,0x00000017fa000000)]
  0x00000191ca6c8600 JavaThread "parallel-8" daemon [_thread_blocked, id=8512, stack(0x00000017fa100000,0x00000017fa200000)]

Other Threads:
=>0x00000191c465ad60 VMThread "VM Thread" [stack: 0x00000017f7500000,0x00000017f7600000] [id=18736]
  0x00000191c48f7600 WatcherThread [stack: 0x00000017f7f00000,0x00000017f8000000] [id=17644]
  0x00000191b9875be0 GCTaskThread "GC Thread#0" [stack: 0x00000017f7000000,0x00000017f7100000] [id=10128]
  0x00000191c91c1370 GCTaskThread "GC Thread#1" [stack: 0x00000017f8200000,0x00000017f8300000] [id=19160]
  0x00000191c488d350 GCTaskThread "GC Thread#2" [stack: 0x00000017f8300000,0x00000017f8400000] [id=18908]
  0x00000191c4ae84f0 GCTaskThread "GC Thread#3" [stack: 0x00000017f8400000,0x00000017f8500000] [id=19880]
  0x00000191c9c58190 GCTaskThread "GC Thread#4" [stack: 0x00000017f8700000,0x00000017f8800000] [id=18956]
  0x00000191c9c68460 GCTaskThread "GC Thread#5" [stack: 0x00000017f8800000,0x00000017f8900000] [id=4968]
  0x00000191c9c68b30 GCTaskThread "GC Thread#6" [stack: 0x00000017f8900000,0x00000017f8a00000] [id=12632]
  0x00000191c9c6a4d0 GCTaskThread "GC Thread#7" [stack: 0x00000017f8a00000,0x00000017f8b00000] [id=14648]
  0x00000191b987eb30 ConcurrentGCThread "G1 Main Marker" [stack: 0x00000017f7100000,0x00000017f7200000] [id=19560]
  0x00000191b987f550 ConcurrentGCThread "G1 Conc#0" [stack: 0x00000017f7200000,0x00000017f7300000] [id=16524]
  0x00000191c9c6a790 ConcurrentGCThread "G1 Conc#1" [stack: 0x00000017f8c00000,0x00000017f8d00000] [id=9612]
  0x00000191b98e3850 ConcurrentGCThread "G1 Refine#0" [stack: 0x00000017f7300000,0x00000017f7400000] [id=8932]
  0x00000191cb7e7af0 ConcurrentGCThread "G1 Refine#1" [stack: 0x00000017fa300000,0x00000017fa400000] [id=14740]
  0x00000191b98e4280 ConcurrentGCThread "G1 Service" [stack: 0x00000017f7400000,0x00000017f7500000] [id=19536]

Threads with active compile tasks:

VM state: at safepoint (normal execution)

VM Mutex/Monitor currently owned by a thread:  ([mutex/lock_event])
[0x00000191b98339f0] Threads_lock - owner thread: 0x00000191c465ad60
[0x00000191b9834770] Heap_lock - owner thread: 0x00000191ca12cd90

Heap address: 0x00000000c0000000, size: 1024 MB, Compressed Oops mode: 32-bit

CDS archive(s) not mapped
Compressed class space mapped at: 0x0000000100000000-0x0000000140000000, reserved size: 1073741824
Narrow klass base: 0x0000000000000000, Narrow klass shift: 3, Narrow klass range: 0x140000000

GC Precious Log:
 CPUs: 8 total, 8 available
 Memory: 7859M
 Large Page Support: Disabled
 NUMA Support: Disabled
 Compressed Oops: Enabled (32-bit)
 Heap Region Size: 1M
 Heap Min Capacity: 8M
 Heap Initial Capacity: 124M
 Heap Max Capacity: 1G
 Pre-touch: Disabled
 Parallel Workers: 8
 Concurrent Workers: 2
 Concurrent Refinement Workers: 8
 Periodic GC: Disabled

Heap:
 garbage-first heap   total 112640K, used 40672K [0x00000000c0000000, 0x0000000100000000)
  region size 1024K, 1 young (1024K), 0 survivors (0K)
 Metaspace       used 62583K, committed 63040K, reserved 1114112K
  class space    used 8027K, committed 8192K, reserved 1048576K

Heap Regions: E=young(eden), S=young(survivor), O=old, HS=humongous(starts), HC=humongous(continues), CS=collection set, F=free, OA=open archive, CA=closed archive, TAMS=top-at-mark-start (previous, next)
|   0|0x00000000c0000000, 0x00000000c0100000, 0x00000000c0100000|100%|HS|  |TAMS 0x00000000c0100000, 0x00000000c0000000| Untracked 
|   1|0x00000000c0100000, 0x00000000c0200000, 0x00000000c0200000|100%|HC|  |TAMS 0x00000000c0200000, 0x00000000c0100000| Untracked 
|   2|0x00000000c0200000, 0x00000000c0300000, 0x00000000c0300000|100%|HC|  |TAMS 0x00000000c0300000, 0x00000000c0200000| Untracked 
|   3|0x00000000c0300000, 0x00000000c0400000, 0x00000000c0400000|100%|HC|  |TAMS 0x00000000c0400000, 0x00000000c0300000| Untracked 
|   4|0x00000000c0400000, 0x00000000c0500000, 0x00000000c0500000|100%|HS|  |TAMS 0x00000000c0500000, 0x00000000c0400000| Untracked 
|   5|0x00000000c0500000, 0x00000000c0600000, 0x00000000c0600000|100%|HC|  |TAMS 0x00000000c0600000, 0x00000000c0500000| Untracked 
|   6|0x00000000c0600000, 0x00000000c06f6c70, 0x00000000c0700000| 96%| O|  |TAMS 0x00000000c06f6c70, 0x00000000c0600000| Untracked 
|   7|0x00000000c0700000, 0x00000000c0800000, 0x00000000c0800000|100%| O|  |TAMS 0x00000000c0800000, 0x00000000c0700000| Untracked 
|   8|0x00000000c0800000, 0x00000000c0900000, 0x00000000c0900000|100%| O|  |TAMS 0x00000000c0900000, 0x00000000c0800000| Untracked 
|   9|0x00000000c0900000, 0x00000000c0a00000, 0x00000000c0a00000|100%| O|  |TAMS 0x00000000c0a00000, 0x00000000c0900000| Untracked 
|  10|0x00000000c0a00000, 0x00000000c0b00000, 0x00000000c0b00000|100%| O|  |TAMS 0x00000000c0b00000, 0x00000000c0a00000| Untracked 
|  11|0x00000000c0b00000, 0x00000000c0bfd2c0, 0x00000000c0c00000| 98%| O|  |TAMS 0x00000000c0bfd2c0, 0x00000000c0b00000| Untracked 
|  12|0x00000000c0c00000, 0x00000000c0d00000, 0x00000000c0d00000|100%| O|  |TAMS 0x00000000c0d00000, 0x00000000c0c00000| Untracked 
|  13|0x00000000c0d00000, 0x00000000c0e00000, 0x00000000c0e00000|100%| O|  |TAMS 0x00000000c0e00000, 0x00000000c0d00000| Untracked 
|  14|0x00000000c0e00000, 0x00000000c0f00000, 0x00000000c0f00000|100%| O|  |TAMS 0x00000000c0f00000, 0x00000000c0e00000| Untracked 
|  15|0x00000000c0f00000, 0x00000000c0ffffb0, 0x00000000c1000000| 99%| O|  |TAMS 0x00000000c0ffffb0, 0x00000000c0f00000| Untracked 
|  16|0x00000000c1000000, 0x00000000c10fff60, 0x00000000c1100000| 99%| O|  |TAMS 0x00000000c10fff60, 0x00000000c1000000| Untracked 
|  17|0x00000000c1100000, 0x00000000c11fffe8, 0x00000000c1200000| 99%| O|  |TAMS 0x00000000c11fffe8, 0x00000000c1100000| Untracked 
|  18|0x00000000c1200000, 0x00000000c12ffff0, 0x00000000c1300000| 99%| O|  |TAMS 0x00000000c12ffff0, 0x00000000c1200000| Untracked 
|  19|0x00000000c1300000, 0x00000000c13fffc8, 0x00000000c1400000| 99%| O|  |TAMS 0x00000000c13fffc8, 0x00000000c1300000| Untracked 
|  20|0x00000000c1400000, 0x00000000c14fffe0, 0x00000000c1500000| 99%| O|  |TAMS 0x00000000c14fffe0, 0x00000000c1400000| Untracked 
|  21|0x00000000c1500000, 0x00000000c15fffc0, 0x00000000c1600000| 99%| O|  |TAMS 0x00000000c15fffc0, 0x00000000c1500000| Untracked 
|  22|0x00000000c1600000, 0x00000000c16fffc8, 0x00000000c1700000| 99%| O|  |TAMS 0x00000000c16fffc8, 0x00000000c1600000| Untracked 
|  23|0x00000000c1700000, 0x00000000c17fffd8, 0x00000000c1800000| 99%| O|  |TAMS 0x00000000c17fffd8, 0x00000000c1700000| Untracked 
|  24|0x00000000c1800000, 0x00000000c18ffff0, 0x00000000c1900000| 99%| O|  |TAMS 0x00000000c18ffff0, 0x00000000c1800000| Untracked 
|  25|0x00000000c1900000, 0x00000000c19fff48, 0x00000000c1a00000| 99%| O|  |TAMS 0x00000000c19fff48, 0x00000000c1900000| Untracked 
|  26|0x00000000c1a00000, 0x00000000c1b00000, 0x00000000c1b00000|100%| O|  |TAMS 0x00000000c1b00000, 0x00000000c1a00000| Untracked 
|  27|0x00000000c1b00000, 0x00000000c1c00000, 0x00000000c1c00000|100%| O|  |TAMS 0x00000000c1c00000, 0x00000000c1b00000| Untracked 
|  28|0x00000000c1c00000, 0x00000000c1cfffe8, 0x00000000c1d00000| 99%| O|  |TAMS 0x00000000c1cfffe8, 0x00000000c1c00000| Untracked 
|  29|0x00000000c1d00000, 0x00000000c1dffff0, 0x00000000c1e00000| 99%| O|  |TAMS 0x00000000c1dffff0, 0x00000000c1d00000| Untracked 
|  30|0x00000000c1e00000, 0x00000000c1efffe8, 0x00000000c1f00000| 99%| O|  |TAMS 0x00000000c1efffe8, 0x00000000c1e00000| Untracked 
|  31|0x00000000c1f00000, 0x00000000c1ffb458, 0x00000000c2000000| 98%| O|  |TAMS 0x00000000c1ffb458, 0x00000000c1f00000| Untracked 
|  32|0x00000000c2000000, 0x00000000c2100000, 0x00000000c2100000|100%| O|  |TAMS 0x00000000c2100000, 0x00000000c2000000| Untracked 
|  33|0x00000000c2100000, 0x00000000c2200000, 0x00000000c2200000|100%|HS|  |TAMS 0x00000000c2200000, 0x00000000c2100000| Untracked 
|  34|0x00000000c2200000, 0x00000000c22fffe8, 0x00000000c2300000| 99%| O|  |TAMS 0x00000000c22fffe8, 0x00000000c2200000| Untracked 
|  35|0x00000000c2300000, 0x00000000c2400000, 0x00000000c2400000|100%| O|  |TAMS 0x00000000c2400000, 0x00000000c2300000| Untracked 
|  36|0x00000000c2400000, 0x00000000c24eb758, 0x00000000c2500000| 91%| O|  |TAMS 0x00000000c2400000, 0x00000000c2400000| Untracked 
|  37|0x00000000c2500000, 0x00000000c25f8ce8, 0x00000000c2600000| 97%| O|  |TAMS 0x00000000c25f8ce8, 0x00000000c2500000| Untracked 
|  38|0x00000000c2600000, 0x00000000c26fc848, 0x00000000c2700000| 98%| O|  |TAMS 0x00000000c26fc848, 0x00000000c2600000| Untracked 
|  39|0x00000000c2700000, 0x00000000c27e85d0, 0x00000000c2800000| 90%| O|  |TAMS 0x00000000c2700000, 0x00000000c2700000| Untracked 
|  40|0x00000000c2800000, 0x00000000c2800000, 0x00000000c2900000|  0%| F|  |TAMS 0x00000000c2800000, 0x00000000c2800000| Untracked 
|  41|0x00000000c2900000, 0x00000000c2900000, 0x00000000c2a00000|  0%| F|  |TAMS 0x00000000c2900000, 0x00000000c2900000| Untracked 
|  42|0x00000000c2a00000, 0x00000000c2a00000, 0x00000000c2b00000|  0%| F|  |TAMS 0x00000000c2a00000, 0x00000000c2a00000| Untracked 
|  43|0x00000000c2b00000, 0x00000000c2b00000, 0x00000000c2c00000|  0%| F|  |TAMS 0x00000000c2b00000, 0x00000000c2b00000| Untracked 
|  44|0x00000000c2c00000, 0x00000000c2c00000, 0x00000000c2d00000|  0%| F|  |TAMS 0x00000000c2c00000, 0x00000000c2c00000| Untracked 
|  45|0x00000000c2d00000, 0x00000000c2d00000, 0x00000000c2e00000|  0%| F|  |TAMS 0x00000000c2d00000, 0x00000000c2d00000| Untracked 
|  46|0x00000000c2e00000, 0x00000000c2e00000, 0x00000000c2f00000|  0%| F|  |TAMS 0x00000000c2e00000, 0x00000000c2e00000| Untracked 
|  47|0x00000000c2f00000, 0x00000000c2f00000, 0x00000000c3000000|  0%| F|  |TAMS 0x00000000c2f00000, 0x00000000c2f00000| Untracked 
|  48|0x00000000c3000000, 0x00000000c3000000, 0x00000000c3100000|  0%| F|  |TAMS 0x00000000c3000000, 0x00000000c3000000| Untracked 
|  49|0x00000000c3100000, 0x00000000c3100000, 0x00000000c3200000|  0%| F|  |TAMS 0x00000000c3100000, 0x00000000c3100000| Untracked 
|  50|0x00000000c3200000, 0x00000000c3200000, 0x00000000c3300000|  0%| F|  |TAMS 0x00000000c3200000, 0x00000000c3200000| Untracked 
|  51|0x00000000c3300000, 0x00000000c3300000, 0x00000000c3400000|  0%| F|  |TAMS 0x00000000c3300000, 0x00000000c3300000| Untracked 
|  52|0x00000000c3400000, 0x00000000c3400000, 0x00000000c3500000|  0%| F|  |TAMS 0x00000000c3400000, 0x00000000c3400000| Untracked 
|  53|0x00000000c3500000, 0x00000000c3500000, 0x00000000c3600000|  0%| F|  |TAMS 0x00000000c3500000, 0x00000000c3500000| Untracked 
|  54|0x00000000c3600000, 0x00000000c3600000, 0x00000000c3700000|  0%| F|  |TAMS 0x00000000c3600000, 0x00000000c3600000| Untracked 
|  55|0x00000000c3700000, 0x00000000c3700000, 0x00000000c3800000|  0%| F|  |TAMS 0x00000000c3700000, 0x00000000c3700000| Untracked 
|  56|0x00000000c3800000, 0x00000000c3800000, 0x00000000c3900000|  0%| F|  |TAMS 0x00000000c3800000, 0x00000000c3800000| Untracked 
|  57|0x00000000c3900000, 0x00000000c3900000, 0x00000000c3a00000|  0%| F|  |TAMS 0x00000000c3900000, 0x00000000c3900000| Untracked 
|  58|0x00000000c3a00000, 0x00000000c3a00000, 0x00000000c3b00000|  0%| F|  |TAMS 0x00000000c3a00000, 0x00000000c3a00000| Untracked 
|  59|0x00000000c3b00000, 0x00000000c3b00000, 0x00000000c3c00000|  0%| F|  |TAMS 0x00000000c3b00000, 0x00000000c3b00000| Untracked 
|  60|0x00000000c3c00000, 0x00000000c3c00000, 0x00000000c3d00000|  0%| F|  |TAMS 0x00000000c3c00000, 0x00000000c3c00000| Untracked 
|  61|0x00000000c3d00000, 0x00000000c3d00000, 0x00000000c3e00000|  0%| F|  |TAMS 0x00000000c3d00000, 0x00000000c3d00000| Untracked 
|  62|0x00000000c3e00000, 0x00000000c3e00000, 0x00000000c3f00000|  0%| F|  |TAMS 0x00000000c3e00000, 0x00000000c3e00000| Untracked 
|  63|0x00000000c3f00000, 0x00000000c3f00000, 0x00000000c4000000|  0%| F|  |TAMS 0x00000000c3f00000, 0x00000000c3f00000| Untracked 
|  64|0x00000000c4000000, 0x00000000c4000000, 0x00000000c4100000|  0%| F|  |TAMS 0x00000000c4000000, 0x00000000c4000000| Untracked 
|  65|0x00000000c4100000, 0x00000000c4100000, 0x00000000c4200000|  0%| F|  |TAMS 0x00000000c4100000, 0x00000000c4100000| Untracked 
|  66|0x00000000c4200000, 0x00000000c4200000, 0x00000000c4300000|  0%| F|  |TAMS 0x00000000c4200000, 0x00000000c4200000| Untracked 
|  67|0x00000000c4300000, 0x00000000c4300000, 0x00000000c4400000|  0%| F|  |TAMS 0x00000000c4300000, 0x00000000c4300000| Untracked 
|  68|0x00000000c4400000, 0x00000000c4400000, 0x00000000c4500000|  0%| F|  |TAMS 0x00000000c4400000, 0x00000000c4400000| Untracked 
|  69|0x00000000c4500000, 0x00000000c4500000, 0x00000000c4600000|  0%| F|  |TAMS 0x00000000c4500000, 0x00000000c4500000| Untracked 
|  70|0x00000000c4600000, 0x00000000c4600000, 0x00000000c4700000|  0%| F|  |TAMS 0x00000000c4600000, 0x00000000c4600000| Untracked 
|  71|0x00000000c4700000, 0x00000000c4700000, 0x00000000c4800000|  0%| F|  |TAMS 0x00000000c4700000, 0x00000000c4700000| Untracked 
|  72|0x00000000c4800000, 0x00000000c4800000, 0x00000000c4900000|  0%| F|  |TAMS 0x00000000c4800000, 0x00000000c4800000| Untracked 
|  73|0x00000000c4900000, 0x00000000c4900000, 0x00000000c4a00000|  0%| F|  |TAMS 0x00000000c4900000, 0x00000000c4900000| Untracked 
|  74|0x00000000c4a00000, 0x00000000c4a00000, 0x00000000c4b00000|  0%| F|  |TAMS 0x00000000c4a00000, 0x00000000c4a00000| Untracked 
|  75|0x00000000c4b00000, 0x00000000c4b00000, 0x00000000c4c00000|  0%| F|  |TAMS 0x00000000c4b00000, 0x00000000c4b00000| Untracked 
|  76|0x00000000c4c00000, 0x00000000c4c00000, 0x00000000c4d00000|  0%| F|  |TAMS 0x00000000c4c00000, 0x00000000c4c00000| Untracked 
|  77|0x00000000c4d00000, 0x00000000c4d00000, 0x00000000c4e00000|  0%| F|  |TAMS 0x00000000c4d00000, 0x00000000c4d00000| Untracked 
|  78|0x00000000c4e00000, 0x00000000c4e00000, 0x00000000c4f00000|  0%| F|  |TAMS 0x00000000c4e00000, 0x00000000c4e00000| Untracked 
|  79|0x00000000c4f00000, 0x00000000c4f00000, 0x00000000c5000000|  0%| F|  |TAMS 0x00000000c4f00000, 0x00000000c4f00000| Untracked 
|  80|0x00000000c5000000, 0x00000000c5000000, 0x00000000c5100000|  0%| F|  |TAMS 0x00000000c5000000, 0x00000000c5000000| Untracked 
|  81|0x00000000c5100000, 0x00000000c5100000, 0x00000000c5200000|  0%| F|  |TAMS 0x00000000c5100000, 0x00000000c5100000| Untracked 
|  82|0x00000000c5200000, 0x00000000c5200000, 0x00000000c5300000|  0%| F|  |TAMS 0x00000000c5200000, 0x00000000c5200000| Untracked 
|  83|0x00000000c5300000, 0x00000000c5300000, 0x00000000c5400000|  0%| F|  |TAMS 0x00000000c5300000, 0x00000000c5300000| Untracked 
|  84|0x00000000c5400000, 0x00000000c5400000, 0x00000000c5500000|  0%| F|  |TAMS 0x00000000c5400000, 0x00000000c5400000| Untracked 
|  85|0x00000000c5500000, 0x00000000c5500000, 0x00000000c5600000|  0%| F|  |TAMS 0x00000000c5500000, 0x00000000c5500000| Untracked 
|  86|0x00000000c5600000, 0x00000000c5600000, 0x00000000c5700000|  0%| F|  |TAMS 0x00000000c5600000, 0x00000000c5600000| Untracked 
|  87|0x00000000c5700000, 0x00000000c5700000, 0x00000000c5800000|  0%| F|  |TAMS 0x00000000c5700000, 0x00000000c5700000| Untracked 
|  88|0x00000000c5800000, 0x00000000c5800000, 0x00000000c5900000|  0%| F|  |TAMS 0x00000000c5800000, 0x00000000c5800000| Untracked 
|  89|0x00000000c5900000, 0x00000000c5900000, 0x00000000c5a00000|  0%| F|  |TAMS 0x00000000c5900000, 0x00000000c5900000| Untracked 
|  90|0x00000000c5a00000, 0x00000000c5a00000, 0x00000000c5b00000|  0%| F|  |TAMS 0x00000000c5a00000, 0x00000000c5a00000| Untracked 
|  91|0x00000000c5b00000, 0x00000000c5b00000, 0x00000000c5c00000|  0%| F|  |TAMS 0x00000000c5b00000, 0x00000000c5b00000| Untracked 
|  92|0x00000000c5c00000, 0x00000000c5c00000, 0x00000000c5d00000|  0%| F|  |TAMS 0x00000000c5c00000, 0x00000000c5c00000| Untracked 
|  93|0x00000000c5d00000, 0x00000000c5d00000, 0x00000000c5e00000|  0%| F|  |TAMS 0x00000000c5d00000, 0x00000000c5d00000| Untracked 
|  94|0x00000000c5e00000, 0x00000000c5e00000, 0x00000000c5f00000|  0%| F|  |TAMS 0x00000000c5e00000, 0x00000000c5e00000| Untracked 
|  95|0x00000000c5f00000, 0x00000000c5f00000, 0x00000000c6000000|  0%| F|  |TAMS 0x00000000c5f00000, 0x00000000c5f00000| Untracked 
|  96|0x00000000c6000000, 0x00000000c6000000, 0x00000000c6100000|  0%| F|  |TAMS 0x00000000c6000000, 0x00000000c6000000| Untracked 
|  97|0x00000000c6100000, 0x00000000c6100000, 0x00000000c6200000|  0%| F|  |TAMS 0x00000000c6100000, 0x00000000c6100000| Untracked 
|  98|0x00000000c6200000, 0x00000000c6200000, 0x00000000c6300000|  0%| F|  |TAMS 0x00000000c6200000, 0x00000000c6200000| Untracked 
|  99|0x00000000c6300000, 0x00000000c6300000, 0x00000000c6400000|  0%| F|  |TAMS 0x00000000c6300000, 0x00000000c6300000| Untracked 
| 100|0x00000000c6400000, 0x00000000c6400000, 0x00000000c6500000|  0%| F|  |TAMS 0x00000000c6400000, 0x00000000c6400000| Untracked 
| 101|0x00000000c6500000, 0x00000000c6500000, 0x00000000c6600000|  0%| F|  |TAMS 0x00000000c6500000, 0x00000000c6500000| Untracked 
| 102|0x00000000c6600000, 0x00000000c6600000, 0x00000000c6700000|  0%| F|  |TAMS 0x00000000c6600000, 0x00000000c6600000| Untracked 
| 103|0x00000000c6700000, 0x00000000c6700000, 0x00000000c6800000|  0%| F|  |TAMS 0x00000000c6700000, 0x00000000c6700000| Untracked 
| 104|0x00000000c6800000, 0x00000000c6800000, 0x00000000c6900000|  0%| F|  |TAMS 0x00000000c6800000, 0x00000000c6800000| Untracked 
| 105|0x00000000c6900000, 0x00000000c6900000, 0x00000000c6a00000|  0%| F|  |TAMS 0x00000000c6900000, 0x00000000c6900000| Untracked 
| 106|0x00000000c6a00000, 0x00000000c6a00000, 0x00000000c6b00000|  0%| F|  |TAMS 0x00000000c6a00000, 0x00000000c6a00000| Untracked 
| 107|0x00000000c6b00000, 0x00000000c6b00000, 0x00000000c6c00000|  0%| F|  |TAMS 0x00000000c6b00000, 0x00000000c6b00000| Untracked 
| 108|0x00000000c6c00000, 0x00000000c6c00000, 0x00000000c6d00000|  0%| F|  |TAMS 0x00000000c6c00000, 0x00000000c6c00000| Untracked 
| 109|0x00000000c6d00000, 0x00000000c6d058a8, 0x00000000c6e00000|  2%| E|  |TAMS 0x00000000c6d00000, 0x00000000c6d00000| Complete 

Card table byte_map: [0x00000191bf7e0000,0x00000191bf9e0000] _byte_map_base: 0x00000191bf1e0000

Marking Bits (Prev, Next): (CMBitMap*) 0x00000191b9876200, (CMBitMap*) 0x00000191b9876240
 Prev Bits: [0x00000191bfbe0000, 0x00000191c0be0000)
 Next Bits: [0x00000191c0be0000, 0x00000191c1be0000)

Polling page: 0x00000191b77f0000

Metaspace:

Usage:
  Non-class:     53.28 MB used.
      Class:      7.84 MB used.
       Both:     61.12 MB used.

Virtual space:
  Non-class space:       64.00 MB reserved,      53.56 MB ( 84%) committed,  1 nodes.
      Class space:        1.00 GB reserved,       8.00 MB ( <1%) committed,  1 nodes.
             Both:        1.06 GB reserved,      61.56 MB (  6%) committed. 

Chunk freelists:
   Non-Class:  10.06 MB
       Class:  7.82 MB
        Both:  17.88 MB

MaxMetaspaceSize: unlimited
CompressedClassSpaceSize: 1.00 GB
Initial GC threshold: 21.00 MB
Current GC threshold: 102.50 MB
CDS: off
MetaspaceReclaimPolicy: balanced
 - commit_granule_bytes: 65536.
 - commit_granule_words: 8192.
 - virtual_space_node_default_size: 8388608.
 - enlarge_chunks_in_place: 1.
 - new_chunks_are_fully_committed: 0.
 - uncommit_free_chunks: 1.
 - use_allocation_guard: 0.
 - handle_deallocations: 1.


Internal statistics:

num_allocs_failed_limit: 8.
num_arena_births: 794.
num_arena_deaths: 306.
num_vsnodes_births: 2.
num_vsnodes_deaths: 0.
num_space_committed: 984.
num_space_uncommitted: 0.
num_chunks_returned_to_freelist: 365.
num_chunks_taken_from_freelist: 2923.
num_chunk_merges: 113.
num_chunk_splits: 1879.
num_chunks_enlarged: 1386.
num_inconsistent_stats: 0.

CodeCache: size=49152Kb used=16049Kb max_used=16049Kb free=33102Kb
 bounds [0x00000191bc4d0000, 0x00000191bd480000, 0x00000191bf4d0000]
 total_blobs=9259 nmethods=8598 adapters=587
 compilation: enabled
              stopped_count=0, restarted_count=0
 full_count=0

Compilation events (20 events):
Event: 9516.735 Thread 0x00000191c47e34d0 8589       1       org.eclipse.jdt.internal.compiler.lookup.Scope::namedMethodScope (32 bytes)
Event: 9516.736 Thread 0x00000191c47e34d0 nmethod 8589 0x00000191bd479890 code [0x00000191bd479a40, 0x00000191bd479c08]
Event: 9516.736 Thread 0x00000191c47e34d0 8590       1       org.eclipse.jdt.internal.compiler.flow.FlowContext::getLocalParent (37 bytes)
Event: 9516.738 Thread 0x00000191c47e34d0 nmethod 8590 0x00000191bd479d10 code [0x00000191bd479ea0, 0x00000191bd47a058]
Event: 9516.738 Thread 0x00000191c47e34d0 8591       1       org.eclipse.jdt.internal.compiler.CompilationResult$1::compare (16 bytes)
Event: 9516.738 Thread 0x00000191c47e34d0 nmethod 8591 0x00000191bd47a110 code [0x00000191bd47a2a0, 0x00000191bd47a3d8]
Event: 9516.738 Thread 0x00000191c47e34d0 8592       1       java.util.Vector::clear (5 bytes)
Event: 9516.738 Thread 0x00000191c47e34d0 nmethod 8592 0x00000191bd47a510 code [0x00000191bd47a6a0, 0x00000191bd47a788]
Event: 9516.738 Thread 0x00000191c47e34d0 8593       1       org.eclipse.jdt.internal.compiler.lookup.BlockScope::startIndex (5 bytes)
Event: 9516.739 Thread 0x00000191c47e34d0 nmethod 8593 0x00000191bd47a810 code [0x00000191bd47a9a0, 0x00000191bd47aa78]
Event: 9516.740 Thread 0x00000191c47e34d0 8594       1       org.eclipse.jdt.internal.compiler.codegen.CodeStream::aload_1 (97 bytes)
Event: 9516.740 Thread 0x00000191c47e34d0 nmethod 8594 0x00000191bd47ab10 code [0x00000191bd47acc0, 0x00000191bd47ae78]
Event: 9516.748 Thread 0x00000191c47e34d0 8595       1       org.eclipse.jdt.core.dom.ASTConverter::convert (60 bytes)
Event: 9516.750 Thread 0x00000191c47e34d0 nmethod 8595 0x00000191bd47af90 code [0x00000191bd47b180, 0x00000191bd47b498]
Event: 9516.750 Thread 0x00000191c47e34d0 8598       1       org.eclipse.jdt.internal.compiler.util.HashtableOfObjectToIntArray::rehash (78 bytes)
Event: 9516.750 Thread 0x00000191c47e34d0 nmethod 8598 0x00000191bd47b710 code [0x00000191bd47b8c0, 0x00000191bd47bb98]
Event: 9516.750 Thread 0x00000191c47e34d0 8596       1       org.eclipse.jdt.core.dom.MarkerAnnotation::<init> (10 bytes)
Event: 9516.750 Thread 0x00000191c47e34d0 nmethod 8596 0x00000191bd47bd90 code [0x00000191bd47bf40, 0x00000191bd47c0d8]
Event: 9516.750 Thread 0x00000191c47e34d0 8597       1       org.eclipse.jdt.core.dom.MarkerAnnotation::internalTypeNameProperty (4 bytes)
Event: 9516.751 Thread 0x00000191c47e34d0 nmethod 8597 0x00000191bd47c210 code [0x00000191bd47c3a0, 0x00000191bd47c478]

GC Heap History (20 events):
Event: 9457.118 GC heap after
{Heap after GC invocations=365 (full 344):
 garbage-first heap   total 112640K, used 40361K [0x00000000c0000000, 0x0000000100000000)
  region size 1024K, 0 young (0K), 0 survivors (0K)
 Metaspace       used 62583K, committed 63040K, reserved 1114112K
  class space    used 8027K, committed 8192K, reserved 1048576K
}
Event: 9467.276 GC heap before
{Heap before GC invocations=365 (full 344):
 garbage-first heap   total 112640K, used 40361K [0x00000000c0000000, 0x0000000100000000)
  region size 1024K, 1 young (1024K), 0 survivors (0K)
 Metaspace       used 62583K, committed 63040K, reserved 1114112K
  class space    used 8027K, committed 8192K, reserved 1048576K
}
Event: 9467.329 GC heap after
{Heap after GC invocations=366 (full 345):
 garbage-first heap   total 112640K, used 40361K [0x00000000c0000000, 0x0000000100000000)
  region size 1024K, 0 young (0K), 0 survivors (0K)
 Metaspace       used 62583K, committed 63040K, reserved 1114112K
  class space    used 8027K, committed 8192K, reserved 1048576K
}
Event: 9477.529 GC heap before
{Heap before GC invocations=366 (full 345):
 garbage-first heap   total 112640K, used 40361K [0x00000000c0000000, 0x0000000100000000)
  region size 1024K, 1 young (1024K), 0 survivors (0K)
 Metaspace       used 62583K, committed 63040K, reserved 1114112K
  class space    used 8027K, committed 8192K, reserved 1048576K
}
Event: 9477.579 GC heap after
{Heap after GC invocations=367 (full 346):
 garbage-first heap   total 112640K, used 40361K [0x00000000c0000000, 0x0000000100000000)
  region size 1024K, 0 young (0K), 0 survivors (0K)
 Metaspace       used 62583K, committed 63040K, reserved 1114112K
  class space    used 8027K, committed 8192K, reserved 1048576K
}
Event: 9487.732 GC heap before
{Heap before GC invocations=367 (full 346):
 garbage-first heap   total 112640K, used 40361K [0x00000000c0000000, 0x0000000100000000)
  region size 1024K, 1 young (1024K), 0 survivors (0K)
 Metaspace       used 62583K, committed 63040K, reserved 1114112K
  class space    used 8027K, committed 8192K, reserved 1048576K
}
Event: 9487.779 GC heap after
{Heap after GC invocations=368 (full 347):
 garbage-first heap   total 112640K, used 40361K [0x00000000c0000000, 0x0000000100000000)
  region size 1024K, 0 young (0K), 0 survivors (0K)
 Metaspace       used 62583K, committed 63040K, reserved 1114112K
  class space    used 8027K, committed 8192K, reserved 1048576K
}
Event: 9497.945 GC heap before
{Heap before GC invocations=368 (full 347):
 garbage-first heap   total 112640K, used 40361K [0x00000000c0000000, 0x0000000100000000)
  region size 1024K, 1 young (1024K), 0 survivors (0K)
 Metaspace       used 62583K, committed 63040K, reserved 1114112K
  class space    used 8027K, committed 8192K, reserved 1048576K
}
Event: 9498.000 GC heap after
{Heap after GC invocations=369 (full 348):
 garbage-first heap   total 112640K, used 40361K [0x00000000c0000000, 0x0000000100000000)
  region size 1024K, 0 young (0K), 0 survivors (0K)
 Metaspace       used 62583K, committed 63040K, reserved 1114112K
  class space    used 8027K, committed 8192K, reserved 1048576K
}
Event: 9508.180 GC heap before
{Heap before GC invocations=369 (full 348):
 garbage-first heap   total 112640K, used 40361K [0x00000000c0000000, 0x0000000100000000)
  region size 1024K, 1 young (1024K), 0 survivors (0K)
 Metaspace       used 62583K, committed 63040K, reserved 1114112K
  class space    used 8027K, committed 8192K, reserved 1048576K
}
Event: 9508.225 GC heap after
{Heap after GC invocations=370 (full 349):
 garbage-first heap   total 112640K, used 40361K [0x00000000c0000000, 0x0000000100000000)
  region size 1024K, 0 young (0K), 0 survivors (0K)
 Metaspace       used 62583K, committed 63040K, reserved 1114112K
  class space    used 8027K, committed 8192K, reserved 1048576K
}
Event: 9548.516 GC heap before
{Heap before GC invocations=370 (full 349):
 garbage-first heap   total 112640K, used 46505K [0x00000000c0000000, 0x0000000100000000)
  region size 1024K, 7 young (7168K), 0 survivors (0K)
 Metaspace       used 62583K, committed 63040K, reserved 1114112K
  class space    used 8027K, committed 8192K, reserved 1048576K
}
Event: 9548.600 GC heap after
{Heap after GC invocations=371 (full 350):
 garbage-first heap   total 112640K, used 40675K [0x00000000c0000000, 0x0000000100000000)
  region size 1024K, 0 young (0K), 0 survivors (0K)
 Metaspace       used 62583K, committed 63040K, reserved 1114112K
  class space    used 8027K, committed 8192K, reserved 1048576K
}
Event: 9558.796 GC heap before
{Heap before GC invocations=371 (full 350):
 garbage-first heap   total 112640K, used 40675K [0x00000000c0000000, 0x0000000100000000)
  region size 1024K, 1 young (1024K), 0 survivors (0K)
 Metaspace       used 62583K, committed 63040K, reserved 1114112K
  class space    used 8027K, committed 8192K, reserved 1048576K
}
Event: 9558.897 GC heap after
{Heap after GC invocations=372 (full 351):
 garbage-first heap   total 112640K, used 40675K [0x00000000c0000000, 0x0000000100000000)
  region size 1024K, 0 young (0K), 0 survivors (0K)
 Metaspace       used 62583K, committed 63040K, reserved 1114112K
  class space    used 8027K, committed 8192K, reserved 1048576K
}
Event: 9569.041 GC heap before
{Heap before GC invocations=372 (full 351):
 garbage-first heap   total 112640K, used 40675K [0x00000000c0000000, 0x0000000100000000)
  region size 1024K, 1 young (1024K), 0 survivors (0K)
 Metaspace       used 62583K, committed 63040K, reserved 1114112K
  class space    used 8027K, committed 8192K, reserved 1048576K
}
Event: 9569.101 GC heap after
{Heap after GC invocations=373 (full 352):
 garbage-first heap   total 112640K, used 40675K [0x00000000c0000000, 0x0000000100000000)
  region size 1024K, 0 young (0K), 0 survivors (0K)
 Metaspace       used 62583K, committed 63040K, reserved 1114112K
  class space    used 8027K, committed 8192K, reserved 1048576K
}
Event: 9579.272 GC heap before
{Heap before GC invocations=373 (full 352):
 garbage-first heap   total 112640K, used 40675K [0x00000000c0000000, 0x0000000100000000)
  region size 1024K, 1 young (1024K), 0 survivors (0K)
 Metaspace       used 62583K, committed 63040K, reserved 1114112K
  class space    used 8027K, committed 8192K, reserved 1048576K
}
Event: 9579.340 GC heap after
{Heap after GC invocations=374 (full 353):
 garbage-first heap   total 112640K, used 40672K [0x00000000c0000000, 0x0000000100000000)
  region size 1024K, 0 young (0K), 0 survivors (0K)
 Metaspace       used 62583K, committed 63040K, reserved 1114112K
  class space    used 8027K, committed 8192K, reserved 1048576K
}
Event: 9589.783 GC heap before
{Heap before GC invocations=374 (full 353):
 garbage-first heap   total 112640K, used 40672K [0x00000000c0000000, 0x0000000100000000)
  region size 1024K, 1 young (1024K), 0 survivors (0K)
 Metaspace       used 62583K, committed 63040K, reserved 1114112K
  class space    used 8027K, committed 8192K, reserved 1048576K
}

Dll operation events (10 events):
Event: 0.013 Loaded shared library c:\Users\admin\.vscode\extensions\redhat.java-1.34.0-win32-x64\jre\17.0.12-win32-x86_64\bin\java.dll
Event: 0.308 Loaded shared library C:\Users\admin\.vscode\extensions\redhat.java-1.34.0-win32-x64\jre\17.0.12-win32-x86_64\bin\net.dll
Event: 0.311 Loaded shared library C:\Users\admin\.vscode\extensions\redhat.java-1.34.0-win32-x64\jre\17.0.12-win32-x86_64\bin\nio.dll
Event: 0.328 Loaded shared library C:\Users\admin\.vscode\extensions\redhat.java-1.34.0-win32-x64\jre\17.0.12-win32-x86_64\bin\zip.dll
Event: 17.894 Loaded shared library C:\Users\admin\.vscode\extensions\redhat.java-1.34.0-win32-x64\jre\17.0.12-win32-x86_64\bin\jimage.dll
Event: 19.080 Loaded shared library c:\Users\admin\.vscode\extensions\redhat.java-1.34.0-win32-x64\jre\17.0.12-win32-x86_64\bin\verify.dll
Event: 21.185 Loaded shared library C:\Users\admin\.vscode\extensions\redhat.java-1.34.0-win32-x64\jre\17.0.12-win32-x86_64\bin\management.dll
Event: 21.188 Loaded shared library C:\Users\admin\.vscode\extensions\redhat.java-1.34.0-win32-x64\jre\17.0.12-win32-x86_64\bin\management_ext.dll
Event: 22.142 Loaded shared library C:\Users\admin\.vscode\extensions\redhat.java-1.34.0-win32-x64\jre\17.0.12-win32-x86_64\bin\sunmscapi.dll
Event: 22.362 Loaded shared library C:\Users\admin\.vscode\extensions\redhat.java-1.34.0-win32-x64\jre\17.0.12-win32-x86_64\bin\extnet.dll

Deoptimization events (16 events):
Event: 21.542 Thread 0x00000191ca12e6e0 DEOPT PACKING pc=0x00000191bca9a581 sp=0x00000017f96fdd70
Event: 21.542 Thread 0x00000191ca12e6e0 DEOPT UNPACKING pc=0x00000191bc52ace3 sp=0x00000017f96fd200 mode 3
Event: 21.571 Thread 0x00000191ca6c9020 DEOPT PACKING pc=0x00000191bca7ad97 sp=0x00000017f9dfecd0
Event: 21.571 Thread 0x00000191ca6c9020 DEOPT UNPACKING pc=0x00000191bc52ace3 sp=0x00000017f9dfe128 mode 3
Event: 22.191 Thread 0x00000191ca6cc2c0 DEOPT PACKING pc=0x00000191bc96c28c sp=0x00000017f9ffa800
Event: 22.191 Thread 0x00000191ca6cc2c0 DEOPT UNPACKING pc=0x00000191bc52ace3 sp=0x00000017f9ff9cc8 mode 0
Event: 23.315 Thread 0x00000191ca6c9020 DEOPT PACKING pc=0x00000191bca56d52 sp=0x00000017f9dfda30
Event: 23.315 Thread 0x00000191ca6c9020 DEOPT UNPACKING pc=0x00000191bc52ace3 sp=0x00000017f9dfcf38 mode 3
Event: 23.901 Thread 0x00000191ca6c9020 DEOPT PACKING pc=0x00000191bd03548c sp=0x00000017f9dfe0f0
Event: 23.901 Thread 0x00000191ca6c9020 DEOPT UNPACKING pc=0x00000191bc52ace3 sp=0x00000017f9dfd670 mode 0
Event: 23.901 Thread 0x00000191ca6c9020 DEOPT PACKING pc=0x00000191bd03548c sp=0x00000017f9dfe350
Event: 23.901 Thread 0x00000191ca6c9020 DEOPT UNPACKING pc=0x00000191bc52ace3 sp=0x00000017f9dfd8d0 mode 0
Event: 23.907 Thread 0x00000191ca6c9020 DEOPT PACKING pc=0x00000191bd03548c sp=0x00000017f9dfe7d0
Event: 23.907 Thread 0x00000191ca6c9020 DEOPT UNPACKING pc=0x00000191bc52ace3 sp=0x00000017f9dfdd50 mode 0
Event: 778.418 Thread 0x00000191ca12e6e0 DEOPT PACKING pc=0x00000191bd12c654 sp=0x00000017f96ff270
Event: 778.419 Thread 0x00000191ca12e6e0 DEOPT UNPACKING pc=0x00000191bc52ace3 sp=0x00000017f96fe718 mode 0

Classes loaded (20 events):
Event: 899.044 Loading class jdk/internal/icu/text/NormalizerBase$NFCModeImpl
Event: 899.049 Loading class jdk/internal/icu/text/NormalizerBase$NFCModeImpl done
Event: 899.050 Loading class jdk/internal/icu/impl/Norm2AllModes$NFCSingleton
Event: 899.053 Loading class jdk/internal/icu/impl/Norm2AllModes$NFCSingleton done
Event: 899.058 Loading class sun/nio/cs/UTF_8$Encoder
Event: 899.072 Loading class sun/nio/cs/UTF_8$Encoder done
Event: 899.074 Loading class java/nio/StringCharBuffer
Event: 899.080 Loading class java/nio/StringCharBuffer done
Event: 5331.009 Loading class java/util/concurrent/CompletableFuture$DelayedExecutor
Event: 5331.033 Loading class java/util/concurrent/CompletableFuture$DelayedExecutor done
Event: 5331.033 Loading class java/util/concurrent/CompletableFuture$TaskSubmitter
Event: 5331.036 Loading class java/util/concurrent/CompletableFuture$TaskSubmitter done
Event: 5331.036 Loading class java/util/concurrent/CompletableFuture$Delayer
Event: 5331.046 Loading class java/util/concurrent/CompletableFuture$Delayer done
Event: 5331.046 Loading class java/util/concurrent/CompletableFuture$Delayer$DaemonThreadFactory
Event: 5331.055 Loading class java/util/concurrent/CompletableFuture$Delayer$DaemonThreadFactory done
Event: 7803.304 Loading class java/util/concurrent/locks/ReentrantReadWriteLock$Sync$HoldCounter
Event: 7803.315 Loading class java/util/concurrent/locks/ReentrantReadWriteLock$Sync$HoldCounter done
Event: 7806.383 Loading class java/util/HashMap$EntrySpliterator
Event: 7806.385 Loading class java/util/HashMap$EntrySpliterator done

Classes unloaded (20 events):
Event: 7875.455 Thread 0x00000191c465ad60 Unloading class 0x00000001003d2000 'java/lang/invoke/LambdaForm$MH+0x00000001003d2000'
Event: 7875.455 Thread 0x00000191c465ad60 Unloading class 0x00000001003d3400 'java/lang/invoke/LambdaForm$MH+0x00000001003d3400'
Event: 7875.455 Thread 0x00000191c465ad60 Unloading class 0x00000001003fc800 'java/lang/invoke/LambdaForm$MH+0x00000001003fc800'
Event: 7875.455 Thread 0x00000191c465ad60 Unloading class 0x0000000100430400 'java/lang/invoke/LambdaForm$MH+0x0000000100430400'
Event: 7875.455 Thread 0x00000191c465ad60 Unloading class 0x00000001000ce800 'java/lang/invoke/LambdaForm$MH+0x00000001000ce800'
Event: 7875.455 Thread 0x00000191c465ad60 Unloading class 0x00000001000d4400 'java/lang/invoke/LambdaForm$MH+0x00000001000d4400'
Event: 7875.455 Thread 0x00000191c465ad60 Unloading class 0x0000000100816800 'java/lang/invoke/LambdaForm$MH+0x0000000100816800'
Event: 7875.455 Thread 0x00000191c465ad60 Unloading class 0x000000010060c000 'java/lang/invoke/LambdaForm$MH+0x000000010060c000'
Event: 7875.455 Thread 0x00000191c465ad60 Unloading class 0x0000000100604800 'java/lang/invoke/LambdaForm$MH+0x0000000100604800'
Event: 7875.455 Thread 0x00000191c465ad60 Unloading class 0x0000000100555000 'java/lang/invoke/LambdaForm$MH+0x0000000100555000'
Event: 7915.868 Thread 0x00000191c465ad60 Unloading class 0x000000010082b800 'java/lang/invoke/LambdaForm$MH+0x000000010082b800'
Event: 7915.868 Thread 0x00000191c465ad60 Unloading class 0x000000010082b400 'java/lang/invoke/LambdaForm$MH+0x000000010082b400'
Event: 7915.868 Thread 0x00000191c465ad60 Unloading class 0x000000010082b000 'java/lang/invoke/LambdaForm$MH+0x000000010082b000'
Event: 7915.868 Thread 0x00000191c465ad60 Unloading class 0x0000000100829c00 'jdk/internal/reflect/GeneratedMethodAccessor11'
Event: 7915.868 Thread 0x00000191c465ad60 Unloading class 0x0000000100829800 'jdk/internal/reflect/GeneratedConstructorAccessor41'
Event: 7915.868 Thread 0x00000191c465ad60 Unloading class 0x0000000100829400 'jdk/internal/reflect/GeneratedConstructorAccessor40'
Event: 7915.868 Thread 0x00000191c465ad60 Unloading class 0x0000000100432000 'java/lang/invoke/LambdaForm$MH+0x0000000100432000'
Event: 8388.787 Thread 0x00000191c465ad60 Unloading class 0x0000000100555000 'jdk/internal/reflect/GeneratedMethodAccessor16'
Event: 8388.787 Thread 0x00000191c465ad60 Unloading class 0x0000000100604800 'jdk/internal/reflect/GeneratedConstructorAccessor48'
Event: 8388.787 Thread 0x00000191c465ad60 Unloading class 0x000000010060c000 'jdk/internal/reflect/GeneratedConstructorAccessor47'

Classes redefined (0 events):
No events

Internal exceptions (20 events):
Event: 2336.585 Thread 0x00000191ca12d7b0 Exception <a 'sun/nio/fs/WindowsException'{0x00000000c6d899d8}> (0x00000000c6d899d8) 
thrown [s\src\hotspot\share\prims\jni.cpp, line 516]
Event: 2336.588 Thread 0x00000191ca12d7b0 Exception <a 'sun/nio/fs/WindowsException'{0x00000000c6d8a0a0}> (0x00000000c6d8a0a0) 
thrown [s\src\hotspot\share\prims\jni.cpp, line 516]
Event: 7803.768 Thread 0x00000191ca6cae80 Exception <a 'java/lang/NoSuchMethodError'{0x00000000c550e050}: 'java.lang.Object java.lang.invoke.DirectMethodHandle$Holder.newInvokeSpecial(java.lang.Object, java.lang.Object, java.lang.Object, java.lang.Object, java.lang.Object, long)'> (0x00000000c550e050) 
thrown [s\src\hotspot\share\interpreter\linkResolver.cpp, line 759]
Event: 7803.770 Thread 0x00000191ca6cae80 Exception <a 'java/lang/NoSuchMethodError'{0x00000000c55126c0}: 'java.lang.Object java.lang.invoke.DirectMethodHandle$Holder.invokeSpecial(java.lang.Object, java.lang.Object, java.lang.Object, java.lang.Object, java.lang.Object, java.lang.Object, long)'> (0x00000000c55126c0) 
thrown [s\src\hotspot\share\interpreter\linkResolver.cpp, line 759]
Event: 7803.899 Thread 0x00000191ca6ca460 Exception <a 'java/lang/ClassCastException'{0x00000000c54a93e0}> (0x00000000c54a93e0) 
thrown [s\src\hotspot\share\runtime\sharedRuntime.cpp, line 631]
Event: 7810.222 Thread 0x00000191ca6ca460 Exception <a 'java/lang/NoSuchMethodError'{0x00000000c3831d80}: 'java.lang.Object java.lang.invoke.DirectMethodHandle$Holder.newInvokeSpecial(java.lang.Object, java.lang.Object, java.lang.Object, java.lang.Object, int)'> (0x00000000c3831d80) 
thrown [s\src\hotspot\share\interpreter\linkResolver.cpp, line 759]
Event: 7810.223 Thread 0x00000191ca6ca460 Exception <a 'java/lang/NoSuchMethodError'{0x00000000c3836268}: 'java.lang.Object java.lang.invoke.DirectMethodHandle$Holder.invokeSpecial(java.lang.Object, java.lang.Object, java.lang.Object, java.lang.Object, java.lang.Object, int)'> (0x00000000c3836268) 
thrown [s\src\hotspot\share\interpreter\linkResolver.cpp, line 759]
Event: 7810.223 Thread 0x00000191ca6ca460 Exception <a 'java/lang/NoSuchMethodError'{0x00000000c3839ff8}: 'java.lang.Object java.lang.invoke.Invokers$Holder.linkToTargetMethod(java.lang.Object, java.lang.Object, java.lang.Object, int, java.lang.Object)'> (0x00000000c3839ff8) 
thrown [s\src\hotspot\share\interpreter\linkResolver.cpp, line 759]
Event: 8753.353 Thread 0x00000191ca6ca460 Exception <a 'java/lang/NullPointerException'{0x00000000c67035c8}> (0x00000000c67035c8) 
thrown [s\src\hotspot\share\interpreter\linkResolver.cpp, line 1350]
Event: 8809.640 Thread 0x00000191ca6ca460 Exception <a 'java/lang/NullPointerException'{0x00000000c62712c0}> (0x00000000c62712c0) 
thrown [s\src\hotspot\share\interpreter\linkResolver.cpp, line 1350]
Event: 8810.034 Thread 0x00000191ca6ca460 Exception <a 'java/lang/NullPointerException'{0x00000000c627b5d0}> (0x00000000c627b5d0) 
thrown [s\src\hotspot\share\interpreter\linkResolver.cpp, line 1350]
Event: 8810.180 Thread 0x00000191ca6ca460 Exception <a 'java/lang/NullPointerException'{0x00000000c62831a0}> (0x00000000c62831a0) 
thrown [s\src\hotspot\share\interpreter\linkResolver.cpp, line 1350]
Event: 8852.673 Thread 0x00000191ca6ca460 Exception <a 'java/lang/NullPointerException'{0x00000000c6081f18}> (0x00000000c6081f18) 
thrown [s\src\hotspot\share\interpreter\linkResolver.cpp, line 1350]
Event: 8853.065 Thread 0x00000191ca6ca460 Exception <a 'java/lang/NullPointerException'{0x00000000c608f0f8}> (0x00000000c608f0f8) 
thrown [s\src\hotspot\share\interpreter\linkResolver.cpp, line 1350]
Event: 8869.282 Thread 0x00000191ca6ccce0 Exception <a 'java/lang/ClassCastException'{0x00000000c54a5eb0}> (0x00000000c54a5eb0) 
thrown [s\src\hotspot\share\runtime\sharedRuntime.cpp, line 631]
Event: 9025.435 Thread 0x00000191ca6cc2c0 Exception <a 'java/lang/ClassCastException'{0x00000000c6a76f48}> (0x00000000c6a76f48) 
thrown [s\src\hotspot\share\runtime\sharedRuntime.cpp, line 631]
Event: 9092.918 Thread 0x00000191ca6cc2c0 Exception <a 'java/lang/ClassCastException'{0x00000000c5c7fc10}> (0x00000000c5c7fc10) 
thrown [s\src\hotspot\share\runtime\sharedRuntime.cpp, line 631]
Event: 9241.563 Thread 0x00000191ca6c7be0 Exception <a 'java/lang/NullPointerException'{0x00000000c6cad430}> (0x00000000c6cad430) 
thrown [s\src\hotspot\share\interpreter\linkResolver.cpp, line 1350]
Event: 9242.062 Thread 0x00000191ca6c7be0 Exception <a 'java/lang/NullPointerException'{0x00000000c6cbc4b8}> (0x00000000c6cbc4b8) 
thrown [s\src\hotspot\share\interpreter\linkResolver.cpp, line 1350]
Event: 9242.137 Thread 0x00000191ca6c7be0 Exception <a 'java/lang/NullPointerException'{0x00000000c6cc40c8}> (0x00000000c6cc40c8) 
thrown [s\src\hotspot\share\interpreter\linkResolver.cpp, line 1350]

VM Operations (20 events):
Event: 9467.329 Executing VM operation: G1CollectFull done
Event: 9477.529 Executing VM operation: G1CollectFull
Event: 9477.579 Executing VM operation: G1CollectFull done
Event: 9487.732 Executing VM operation: G1CollectFull
Event: 9487.779 Executing VM operation: G1CollectFull done
Event: 9497.945 Executing VM operation: G1CollectFull
Event: 9498.000 Executing VM operation: G1CollectFull done
Event: 9508.180 Executing VM operation: G1CollectFull
Event: 9508.225 Executing VM operation: G1CollectFull done
Event: 9517.312 Executing VM operation: Cleanup
Event: 9517.312 Executing VM operation: Cleanup done
Event: 9548.516 Executing VM operation: G1CollectFull
Event: 9548.600 Executing VM operation: G1CollectFull done
Event: 9558.796 Executing VM operation: G1CollectFull
Event: 9558.897 Executing VM operation: G1CollectFull done
Event: 9569.041 Executing VM operation: G1CollectFull
Event: 9569.101 Executing VM operation: G1CollectFull done
Event: 9579.270 Executing VM operation: G1CollectFull
Event: 9579.340 Executing VM operation: G1CollectFull done
Event: 9589.783 Executing VM operation: G1CollectFull

Events (20 events):
Event: 9092.452 Thread 0x00000191ca6cc2c0 Thread exited: 0x00000191ca6cc2c0
Event: 9092.655 Thread 0x00000191ca6c80f0 Thread exited: 0x00000191ca6c80f0
Event: 9092.879 Thread 0x00000191ca6cc2c0 Thread added: 0x00000191ca6cc2c0
Event: 9106.229 Thread 0x00000191ca6c7be0 Thread added: 0x00000191ca6c7be0
Event: 9162.383 Thread 0x00000191ca6cc2c0 Thread exited: 0x00000191ca6cc2c0
Event: 9164.319 Thread 0x00000191ca6c67a0 Thread exited: 0x00000191ca6c67a0
Event: 9166.234 Thread 0x00000191ca6ca460 Thread exited: 0x00000191ca6ca460
Event: 9197.631 Thread 0x00000191ca6ca460 Thread added: 0x00000191ca6ca460
Event: 9241.348 Thread 0x00000191ca6c5d80 Thread added: 0x00000191ca6c5d80
Event: 9257.714 Thread 0x00000191ca6ca460 Thread exited: 0x00000191ca6ca460
Event: 9262.884 Thread 0x00000191ca6ca460 Thread added: 0x00000191ca6ca460
Event: 9322.963 Thread 0x00000191ca6ca460 Thread exited: 0x00000191ca6ca460
Event: 9341.316 Thread 0x00000191ca6cd700 Thread added: 0x00000191ca6cd700
Event: 9377.038 Thread 0x00000191ca6c5d80 Thread exited: 0x00000191ca6c5d80
Event: 9401.372 Thread 0x00000191ca6cd700 Thread exited: 0x00000191ca6cd700
Event: 9409.343 Thread 0x00000191ca6c7be0 Thread exited: 0x00000191ca6c7be0
Event: 9516.659 Thread 0x00000191ca6c5d80 Thread added: 0x00000191ca6c5d80
Event: 9516.664 Thread 0x00000191ca6cc2c0 Thread added: 0x00000191ca6cc2c0
Event: 9576.754 Thread 0x00000191ca6c5d80 Thread exited: 0x00000191ca6c5d80
Event: 9576.754 Thread 0x00000191ca6cc2c0 Thread exited: 0x00000191ca6cc2c0


Dynamic libraries:
0x00007ff7fe9d0000 - 0x00007ff7fe9de000 	c:\Users\admin\.vscode\extensions\redhat.java-1.34.0-win32-x64\jre\17.0.12-win32-x86_64\bin\java.exe
0x00007ff812390000 - 0x00007ff8125a7000 	C:\Windows\SYSTEM32\ntdll.dll
0x00007ff810d80000 - 0x00007ff810e44000 	C:\Windows\System32\KERNEL32.DLL
0x00007ff80f9f0000 - 0x00007ff80fd9d000 	C:\Windows\System32\KERNELBASE.dll
0x00007ff80f8d0000 - 0x00007ff80f9e1000 	C:\Windows\System32\ucrtbase.dll
0x00007fffda430000 - 0x00007fffda447000 	c:\Users\admin\.vscode\extensions\redhat.java-1.34.0-win32-x64\jre\17.0.12-win32-x86_64\bin\jli.dll
0x00007ff8100c0000 - 0x00007ff81026e000 	C:\Windows\System32\USER32.dll
0x00007ff80f870000 - 0x00007ff80f896000 	C:\Windows\System32\win32u.dll
0x00007ff812220000 - 0x00007ff812249000 	C:\Windows\System32\GDI32.dll
0x00007ff80f6b0000 - 0x00007ff80f7c9000 	C:\Windows\System32\gdi32full.dll
0x00007ff80f7d0000 - 0x00007ff80f86a000 	C:\Windows\System32\msvcp_win.dll
0x00007fffd9600000 - 0x00007fffd961b000 	c:\Users\admin\.vscode\extensions\redhat.java-1.34.0-win32-x64\jre\17.0.12-win32-x86_64\bin\VCRUNTIME140.dll
0x00007ffff2a50000 - 0x00007ffff2ce3000 	C:\Windows\WinSxS\amd64_microsoft.windows.common-controls_6595b64144ccf1df_6.0.22621.3672_none_2713b9d173822955\COMCTL32.dll
0x00007ff810e50000 - 0x00007ff810ef7000 	C:\Windows\System32\msvcrt.dll
0x00007ff811e40000 - 0x00007ff811e71000 	C:\Windows\System32\IMM32.DLL
0x00007ffff2020000 - 0x00007ffff202c000 	c:\Users\admin\.vscode\extensions\redhat.java-1.34.0-win32-x64\jre\17.0.12-win32-x86_64\bin\vcruntime140_1.dll
0x00007fffa2be0000 - 0x00007fffa2c6d000 	c:\Users\admin\.vscode\extensions\redhat.java-1.34.0-win32-x64\jre\17.0.12-win32-x86_64\bin\msvcp140.dll
0x00007fff26b70000 - 0x00007fff277da000 	c:\Users\admin\.vscode\extensions\redhat.java-1.34.0-win32-x64\jre\17.0.12-win32-x86_64\bin\server\jvm.dll
0x00007ff811120000 - 0x00007ff8111d2000 	C:\Windows\System32\ADVAPI32.dll
0x00007ff810aa0000 - 0x00007ff810b49000 	C:\Windows\System32\sechost.dll
0x00007ff80f8a0000 - 0x00007ff80f8c8000 	C:\Windows\System32\bcrypt.dll
0x00007ff810270000 - 0x00007ff810384000 	C:\Windows\System32\RPCRT4.dll
0x00007ff810390000 - 0x00007ff810401000 	C:\Windows\System32\WS2_32.dll
0x00007ff8074c0000 - 0x00007ff8074f4000 	C:\Windows\SYSTEM32\WINMM.dll
0x00007ff807000000 - 0x00007ff80700a000 	C:\Windows\SYSTEM32\VERSION.dll
0x00007ff80e520000 - 0x00007ff80e56d000 	C:\Windows\SYSTEM32\POWRPROF.dll
0x00007ff80e500000 - 0x00007ff80e513000 	C:\Windows\SYSTEM32\UMPDC.dll
0x00007ff80e7c0000 - 0x00007ff80e7d8000 	C:\Windows\SYSTEM32\kernel.appcore.dll
0x00007ffff1ca0000 - 0x00007ffff1caa000 	c:\Users\admin\.vscode\extensions\redhat.java-1.34.0-win32-x64\jre\17.0.12-win32-x86_64\bin\jimage.dll
0x00007ff80cfb0000 - 0x00007ff80d1e2000 	C:\Windows\SYSTEM32\DBGHELP.DLL
0x00007ff811e90000 - 0x00007ff81221e000 	C:\Windows\System32\combase.dll
0x00007ff812250000 - 0x00007ff812327000 	C:\Windows\System32\OLEAUT32.dll
0x00007fffd9940000 - 0x00007fffd9972000 	C:\Windows\SYSTEM32\dbgcore.DLL
0x00007ff80fed0000 - 0x00007ff80ff4b000 	C:\Windows\System32\bcryptPrimitives.dll
0x00007fffd3c20000 - 0x00007fffd3c45000 	c:\Users\admin\.vscode\extensions\redhat.java-1.34.0-win32-x64\jre\17.0.12-win32-x86_64\bin\java.dll
0x00007fffd3c00000 - 0x00007fffd3c18000 	c:\Users\admin\.vscode\extensions\redhat.java-1.34.0-win32-x64\jre\17.0.12-win32-x86_64\bin\zip.dll
0x00007ff811410000 - 0x00007ff811c77000 	C:\Windows\System32\SHELL32.dll
0x00007ff80d5f0000 - 0x00007ff80deef000 	C:\Windows\SYSTEM32\windows.storage.dll
0x00007ff80d4b0000 - 0x00007ff80d5ef000 	C:\Windows\SYSTEM32\wintypes.dll
0x00007ff811310000 - 0x00007ff811409000 	C:\Windows\System32\SHCORE.dll
0x00007ff8111e0000 - 0x00007ff81123e000 	C:\Windows\System32\shlwapi.dll
0x00007ff80f5e0000 - 0x00007ff80f607000 	C:\Windows\SYSTEM32\profapi.dll
0x00007fffc6620000 - 0x00007fffc6639000 	C:\Users\admin\.vscode\extensions\redhat.java-1.34.0-win32-x64\jre\17.0.12-win32-x86_64\bin\net.dll
0x00007ff808a40000 - 0x00007ff808b76000 	C:\Windows\SYSTEM32\WINHTTP.dll
0x00007ff80ec30000 - 0x00007ff80ec99000 	C:\Windows\system32\mswsock.dll
0x00007fffbdf20000 - 0x00007fffbdf36000 	C:\Users\admin\.vscode\extensions\redhat.java-1.34.0-win32-x64\jre\17.0.12-win32-x86_64\bin\nio.dll
0x00007fffea720000 - 0x00007fffea730000 	c:\Users\admin\.vscode\extensions\redhat.java-1.34.0-win32-x64\jre\17.0.12-win32-x86_64\bin\verify.dll
0x00007ff80ee90000 - 0x00007ff80eeab000 	C:\Windows\SYSTEM32\CRYPTSP.dll
0x00007ff80e710000 - 0x00007ff80e745000 	C:\Windows\system32\rsaenh.dll
0x00007ff80ed30000 - 0x00007ff80ed58000 	C:\Windows\SYSTEM32\USERENV.dll
0x00007ff80eeb0000 - 0x00007ff80eebc000 	C:\Windows\SYSTEM32\CRYPTBASE.dll
0x00007ff80e200000 - 0x00007ff80e22d000 	C:\Windows\SYSTEM32\IPHLPAPI.DLL
0x00007ff812330000 - 0x00007ff812339000 	C:\Windows\System32\NSI.dll
0x00007ff807710000 - 0x00007ff807729000 	C:\Windows\SYSTEM32\dhcpcsvc6.DLL
0x00007ff8076f0000 - 0x00007ff80770f000 	C:\Windows\SYSTEM32\dhcpcsvc.DLL
0x00007ff80e230000 - 0x00007ff80e328000 	C:\Windows\SYSTEM32\DNSAPI.dll
0x00007ff806e30000 - 0x00007ff806e39000 	C:\Users\admin\.vscode\extensions\redhat.java-1.34.0-win32-x64\jre\17.0.12-win32-x86_64\bin\management.dll
0x00007ff8066a0000 - 0x00007ff8066ab000 	C:\Users\admin\.vscode\extensions\redhat.java-1.34.0-win32-x64\jre\17.0.12-win32-x86_64\bin\management_ext.dll
0x00007ff811e30000 - 0x00007ff811e38000 	C:\Windows\System32\PSAPI.DLL
0x00007ff8017d0000 - 0x00007ff8017de000 	C:\Users\admin\.vscode\extensions\redhat.java-1.34.0-win32-x64\jre\17.0.12-win32-x86_64\bin\sunmscapi.dll
0x00007ff80ff50000 - 0x00007ff8100b6000 	C:\Windows\System32\CRYPT32.dll
0x00007ff80f050000 - 0x00007ff80f07e000 	C:\Windows\SYSTEM32\ncrypt.dll
0x00007ff80f010000 - 0x00007ff80f047000 	C:\Windows\SYSTEM32\NTASN1.dll
0x00007fffc0ea0000 - 0x00007fffc0ea8000 	C:\Windows\system32\wshunix.dll
0x00007ff8017c0000 - 0x00007ff8017c9000 	C:\Users\admin\.vscode\extensions\redhat.java-1.34.0-win32-x64\jre\17.0.12-win32-x86_64\bin\extnet.dll
0x00007ff808a10000 - 0x00007ff808a1a000 	C:\Windows\System32\rasadhlp.dll
0x00007ff804940000 - 0x00007ff8049c3000 	C:\Windows\System32\fwpuclnt.dll

dbghelp: loaded successfully - version: 4.0.5 - missing functions: none
symbol engine: initialized successfully - sym options: 0x614 - pdb path: .;c:\Users\admin\.vscode\extensions\redhat.java-1.34.0-win32-x64\jre\17.0.12-win32-x86_64\bin;C:\Windows\SYSTEM32;C:\Windows\WinSxS\amd64_microsoft.windows.common-controls_6595b64144ccf1df_6.0.22621.3672_none_2713b9d173822955;c:\Users\admin\.vscode\extensions\redhat.java-1.34.0-win32-x64\jre\17.0.12-win32-x86_64\bin\server

VM Arguments:
jvm_args: -Xmx1024m -Dsts.lsp.client=vscode -Dsts.log.file=/dev/null -XX:TieredStopAtLevel=1 -Xlog:jni+resolve=off 
java_command: c:\Users\admin\.vscode\extensions\vmware.vscode-spring-boot-1.57.0\language-server\spring-boot-language-server-1.57.0-SNAPSHOT-exec.jar
java_class_path (initial): c:\Users\admin\.vscode\extensions\vmware.vscode-spring-boot-1.57.0\language-server\spring-boot-language-server-1.57.0-SNAPSHOT-exec.jar
Launcher Type: SUN_STANDARD

[Global flags]
     intx CICompilerCount                          = 4                                         {product} {ergonomic}
     uint ConcGCThreads                            = 2                                         {product} {ergonomic}
     uint G1ConcRefinementThreads                  = 8                                         {product} {ergonomic}
   size_t G1HeapRegionSize                         = 1048576                                   {product} {ergonomic}
    uintx GCDrainStackTargetSize                   = 64                                        {product} {ergonomic}
   size_t InitialHeapSize                          = 130023424                                 {product} {ergonomic}
   size_t MarkStackSize                            = 4194304                                   {product} {ergonomic}
   size_t MaxHeapSize                              = 1073741824                                {product} {command line}
   size_t MaxNewSize                               = 643825664                                 {product} {ergonomic}
   size_t MinHeapDeltaBytes                        = 1048576                                   {product} {ergonomic}
   size_t MinHeapSize                              = 8388608                                   {product} {ergonomic}
    uintx NonProfiledCodeHeapSize                  = 0                                      {pd product} {ergonomic}
     bool ProfileInterpreter                       = false                                  {pd product} {command line}
    uintx ProfiledCodeHeapSize                     = 0                                      {pd product} {ergonomic}
   size_t SoftMaxHeapSize                          = 1073741824                             {manageable} {ergonomic}
     intx TieredStopAtLevel                        = 1                                         {product} {command line}
     bool UseCompressedClassPointers               = true                           {product lp64_product} {ergonomic}
     bool UseCompressedOops                        = true                           {product lp64_product} {ergonomic}
     bool UseG1GC                                  = true                                      {product} {ergonomic}
     bool UseLargePagesIndividualAllocation        = false                                  {pd product} {ergonomic}

Logging:
Log output configuration:
 #0: stdout all=warning,jni+resolve=off uptime,level,tags
 #1: stderr all=off uptime,level,tags

Environment Variables:
JAVA_HOME=C:\Program Files\Java\jdk-19
PATH=C:\app\admin\product\21c\dbhomeXE\bin;C:\Program Files\Common Files\Oracle\Java\javapath;C:\Windows\system32;C:\Windows;C:\Windows\System32\Wbem;C:\Windows\System32\WindowsPowerShell\v1.0\;C:\Windows\System32\OpenSSH\;C:\Program Files\Java\jdk-19;C:\Program Files\Java\jdk-19\bin;E:\Rational Rose\common;C:\Program Files\dotnet\;C:\Program Files (x86)\Microsoft SQL Server\150\DTS\Binn\;C:\Program Files\Azure Data Studio\bin;C:\Program Files\Microsoft SQL Server\Client SDK\ODBC\170\Tools\Binn\;C:\Program Files (x86)\Microsoft SQL Server\150\Tools\Binn\;C:\Program Files\Microsoft SQL Server\150\Tools\Binn\;C:\Program Files\Microsoft SQL Server\150\DTS\Binn\;C:\Program Files\nodejs\;C:\Program Files\nodejs;C:\Program Files\Git\cmd;D:\Laragon\bin\php;D:\Laragon\bin\php\php-8.1.10-Win32-vs16-x64;C:\Program Files\apache-maven-3.9.8\bin;C:\Users\admin\AppData\Local\Android\Sdk\platform-tools;C:\Users\admin\AppData\Local\Android\Sdk\cmdline-tools;C:\Users\admin\AppData\Local\Android\Sdk\cmdline-tools\bin;C:\Program Files\Docker\Docker\resources\bin;C:\Users\admin\AppData\Local\Programs\Python\Python311\Scripts\;C:\Users\admin\AppData\Local\Programs\Python\Python311\;C:\Users\admin\AppData\Local\Microsoft\WindowsApps;C:\Users\admin\.dotnet\tools;D:\Visual Studio Code\Microsoft VS Code\bin;C:\Program Files\Azure Data Studio\bin;D:\Intellij IDEA\IntelliJ IDEA 2024.1.4\bin;;C:\Users\admin\AppData\Roaming\npm
USERNAME=admin
OS=Windows_NT
PROCESSOR_IDENTIFIER=Intel64 Family 6 Model 140 Stepping 1, GenuineIntel
TMP=C:\Users\admin\AppData\Local\Temp
TEMP=C:\Users\admin\AppData\Local\Temp



Periodic native trim disabled


---------------  S Y S T E M  ---------------

OS:
 Windows 11 , 64 bit Build 22621 (10.0.22621.3958)
OS uptime: 0 days 13:24 hours
Hyper-V role detected

CPU: total 8 (initial active 8) (4 cores per cpu, 2 threads per core) family 6 model 140 stepping 1 microcode 0xb6, cx8, cmov, fxsr, ht, mmx, 3dnowpref, sse, sse2, sse3, ssse3, sse4.1, sse4.2, popcnt, lzcnt, tsc, tscinvbit, avx, avx2, aes, erms, clmul, bmi1, bmi2, adx, avx512f, avx512dq, avx512cd, avx512bw, avx512vl, sha, fma, vzeroupper, avx512_vpopcntdq, avx512_vpclmulqdq, avx512_vaes, avx512_vnni, clflush, clflushopt, clwb, avx512_vbmi2, avx512_vbmi, hv
Processor Information for all 8 processors :
  Max Mhz: 2419, Current Mhz: 2419, Mhz Limit: 2419

Memory: 4k page, system-wide physical 7859M (388M free)
TotalPageFile size 20147M (AvailPageFile size 9M)
current process WorkingSet (physical memory assigned to process): 85M, peak: 281M
current process commit charge ("private bytes"): 291M, peak: 341M

vm_info: OpenJDK 64-Bit Server VM (17.0.12+7) for windows-amd64 JRE (17.0.12+7), built on Jul 16 2024 22:08:24 by "admin" with MS VC++ 16.10 / 16.11 (VS2019)

END.
